<div class="ac-wrapper"
       data-fetchurl="https://fetch.url"   >

  
  <select class="ss-ghost-select"
    id="country"
    name="country"
    tabindex="-1"
            >

    <option value="" selected></option>

              
  </select>

  <div wire:ignore="">
    <input class="form-control ac-input"
      type="text"
      placeholder=""
      autocomplete="off" />
</div>


  
  <div class="ss-dropdown hidden" >
    
    <template class="ss-option-template">
      <div class="ss-option" data-key="">
        <span></span>
              </div>
    </template>

    
    <div class="ss-options">
    </div>

    <div class="text-muted p-2 empty-results">
      bs-blade-forms::components.custom-select.no-results
    </div>
  </div>
</div>
