<label for="country" class="form-label">
      Country
  </label>

<div class="input-group">
    <span class="input-group-text">
              <i class="bi bi-map"></i>
            
    </span>

    <select id="country" name="country" class="form-select">
        <option value="" wire:key="country-empty">-- Select --</option>
    
            <option value="it" selected wire:key="country-it" >Italy</option>
        <option value="de"  wire:key="country-de" >Germany</option>
        <option value="fr"  wire:key="country-fr" >France</option>
        <option value="us"  wire:key="country-us" >United States</option>
          </select>
  </div>


